python : INFO:test_ca_
ucc:Starting CA UCC 
integration test...
At line:1 char:1
+ python 
test_ca_ucc.py > 
test_output.txt 2>&1
+ ~~~~~~~~~~~~~~~~~~~~
~~~~~~~~~~~~~~~~~~~~~~
~~
    + CategoryInfo    
          : NotSpeci  
  fied: (INFO:test_   
 ca_uc...gration t    
est...:String) []    
, RemoteException
    + FullyQualifiedE 
   rrorId : NativeCo  
  mmandError
 
INFO:src.queue.store:T
askStore initialised 
(data/test_queue.db)
INFO:src.queue.store:A
dded task 2030cf89 
(site=20)
INFO:src.queue.api:Enq
ueued task 2030cf89  
site=20  
window=01/20/2026 ΓåÆ 
01/25/2026  max=5
INFO:test_ca_ucc:Enque
ued task 2030cf89e7754
7b09aca286d970e3ed2
INFO:src.queue.store:T
askStore initialised 
(data/test_queue.db)
INFO:test_ca_ucc:Runni
ng task df6d73dbb3744f
c78a56d74d08eece5d 
(site=20)
INFO:src.queue.worker:
Running task df6d73db 
(site=20, attempt 3/3)
ERROR:src.scrapers.ca_
ucc_scraper_playwright
:Scrape failed: 
Locator.fill: Error: 
strict mode 
violation: 
get_by_label("File 
Date: Start") 
resolved to 2 
elements:
    1) <input 
value="" type="text" 
aria-invalid="false" p
laceholder="MM/DD/YYYY
" id="field-date-FILIN
G_DATEs" 
aria-label="File 
Date: Start" aria-desc
ribedby="field-descrip
tion-date-FILING_DATEs
 field-error-date-FILI
NG_DATEs"/> aka get_by
_role("textbox", 
name="File Date: 
Start")
    2) <button 
type="button" 
aria-label="Open 
calendar widget for: 
File Date: Start" 
class="btn 
btn-primary 
btn-raised 
picker-button undefine
d">ΓÇª</button> aka 
get_by_role("button", 
name="Open calendar 
widget for: File 
Date: Start")

Call log:
  - waiting for 
get_by_label("File 
Date: Start")

ERROR:src.queue.worker
:Task df6d73db 
failed: Locator.fill: 
Error: strict mode 
violation: 
get_by_label("File 
Date: Start") 
resolved to 2 
elements:
    1) <input 
value="" type="text" 
aria-invalid="false" p
laceholder="MM/DD/YYYY
" id="field-date-FILIN
G_DATEs" 
aria-label="File 
Date: Start" aria-desc
ribedby="field-descrip
tion-date-FILING_DATEs
 field-error-date-FILI
NG_DATEs"/> aka get_by
_role("textbox", 
name="File Date: 
Start")
    2) <button 
type="button" 
aria-label="Open 
calendar widget for: 
File Date: Start" 
class="btn 
btn-primary 
btn-raised 
picker-button undefine
d">ΓÇª</button> aka 
get_by_role("button", 
name="Open calendar 
widget for: File 
Date: Start")

Call log:
  - waiting for 
get_by_label("File 
Date: Start")

WARNING:src.queue.work
er:Task df6d73db 
permanently failed 
after 3 attempts
INFO:test_ca_ucc:Task 
finished with status: 
pending
ERROR:test_ca_ucc:Erro
r: 
